SEMANA DEL 1 AL 5 FEBRERO:7: division "CAPITAL SALUD" must be one of [NORTE SUR SUR OCCIDENTE CENTRO ORIENTE]
SEMANA DEL 1 AL 5 FEBRERO:5: document type "cc" must be one of [CC TI RC CE PEP DNI SCR PA]
SEMANA DEL 1 AL 5 FEBRERO:11: division "CAPITAL SALUD" must be one of [NORTE SUR SUR OCCIDENTE CENTRO ORIENTE]
SEMANA DEL 1 AL 5 FEBRERO:8: division "CAPITAL SALUD" must be one of [NORTE SUR SUR OCCIDENTE CENTRO ORIENTE]
SEMANA DEL 1 AL 5 FEBRERO:2: document type "cc" must be one of [CC TI RC CE PEP DNI SCR PA]
SEMANA DEL 1 AL 5 FEBRERO:6: division "CAPITAL SALUD" must be one of [NORTE SUR SUR OCCIDENTE CENTRO ORIENTE]
SEMANA DEL 1 AL 5 FEBRERO:3: document type "cc" must be one of [CC TI RC CE PEP DNI SCR PA]
SEMANA DEL 1 AL 5 FEBRERO:10: division "CAPITAL SALUD" must be one of [NORTE SUR SUR OCCIDENTE CENTRO ORIENTE]
SEMANA DEL 1 AL 5 FEBRERO:4: document type "cc" must be one of [CC TI RC CE PEP DNI SCR PA]
SEMANA DEL 1 AL 5 FEBRERO:9: division "CAPITAL SALUD" must be one of [NORTE SUR SUR OCCIDENTE CENTRO ORIENTE]
SEMANA DEL 1 AL 5 FEBRERO:1: division "CAPITAL SALUD" must be one of [NORTE SUR SUR OCCIDENTE CENTRO ORIENTE]
SEMANA DEL 1 AL 5 FEBRERO:12: division "CAPITAL SALUD" must be one of [NORTE SUR SUR OCCIDENTE CENTRO ORIENTE]
SEMANA DEL 1 AL 5 FEBRERO:13: division "CAPITAL SALUD" must be one of [NORTE SUR SUR OCCIDENTE CENTRO ORIENTE]
SEMANA DEL 1 AL 5 FEBRERO:14: error parsing date 19/11/52: parsing time "19/11/52" as "2/1/2006": cannot parse "52" as "2006"
SEMANA DEL 1 AL 5 FEBRERO:15: error parsing date 19/11/52: parsing time "19/11/52" as "2/1/2006": cannot parse "52" as "2006"
SEMANA DEL 1 AL 5 FEBRERO:16: error parsing date 21/05/57: parsing time "21/05/57" as "2/1/2006": cannot parse "57" as "2006"
SEMANA DEL 1 AL 5 FEBRERO:17: error parsing date 18/06/44: parsing time "18/06/44" as "2/1/2006": cannot parse "44" as "2006"
SEMANA DEL 1 AL 5 FEBRERO:18: error parsing date 03/02/14: parsing time "03/02/14" as "2/1/2006": cannot parse "14" as "2006"
SEMANA DEL 1 AL 5 FEBRERO:19: error parsing date 18/07/43: parsing time "18/07/43" as "2/1/2006": cannot parse "43" as "2006"
SEMANA DEL 1 AL 5 FEBRERO:20: error parsing date 18/07/43: parsing time "18/07/43" as "2/1/2006": cannot parse "43" as "2006"
SEMANA DEL 1 AL 5 FEBRERO:21: invalid amount of columns
SEMANA DEL 1 AL 5 FEBRERO:22: error parsing date : parsing time "" as "2/1/2006": cannot parse "" as "2"
SEMANA DEL 1 AL 5 FEBRERO:23: error parsing date 10/11/57: parsing time "10/11/57" as "2/1/2006": cannot parse "57" as "2006"
SEMANA DEL 1 AL 5 FEBRERO:24: error parsing date 21/01/47: parsing time "21/01/47" as "2/1/2006": cannot parse "47" as "2006"
SEMANA DEL 1 AL 5 FEBRERO:25: error parsing date 21/01/47: parsing time "21/01/47" as "2/1/2006": cannot parse "47" as "2006"
SEMANA DEL 1 AL 5 FEBRERO:26: error parsing date 21/01/47: parsing time "21/01/47" as "2/1/2006": cannot parse "47" as "2006"
SEMANA DEL 1 AL 5 FEBRERO:27: error parsing date 20/04/46: parsing time "20/04/46" as "2/1/2006": cannot parse "46" as "2006"
SEMANA DEL 1 AL 5 FEBRERO:28: error parsing date 20/04/46: parsing time "20/04/46" as "2/1/2006": cannot parse "46" as "2006"
SEMANA DEL 1 AL 5 FEBRERO:30: error parsing date 07/08/56: parsing time "07/08/56" as "2/1/2006": cannot parse "56" as "2006"
SEMANA DEL 1 AL 5 FEBRERO:29: error parsing date 07/08/56: parsing time "07/08/56" as "2/1/2006": cannot parse "56" as "2006"
SEMANA DEL 1 AL 5 FEBRERO:31: error parsing date 07/08/56: parsing time "07/08/56" as "2/1/2006": cannot parse "56" as "2006"
SEMANA DEL 1 AL 5 FEBRERO:32: error parsing date 07/08/56: parsing time "07/08/56" as "2/1/2006": cannot parse "56" as "2006"
SEMANA DEL 1 AL 5 FEBRERO:33: error parsing date 07/08/56: parsing time "07/08/56" as "2/1/2006": cannot parse "56" as "2006"
SEMANA DEL 1 AL 5 FEBRERO:35: error parsing date 07/08/56: parsing time "07/08/56" as "2/1/2006": cannot parse "56" as "2006"
SEMANA DEL 1 AL 5 FEBRERO:36: error parsing date 16/10/09: parsing time "16/10/09" as "2/1/2006": cannot parse "09" as "2006"
SEMANA DEL 1 AL 5 FEBRERO:37: error parsing date 25/11/41: parsing time "25/11/41" as "2/1/2006": cannot parse "41" as "2006"
SEMANA DEL 1 AL 5 FEBRERO:34: error parsing date 07/08/56: parsing time "07/08/56" as "2/1/2006": cannot parse "56" as "2006"
SEMANA DEL 1 AL 5 FEBRERO:38: error parsing date 25/11/41: parsing time "25/11/41" as "2/1/2006": cannot parse "41" as "2006"
SEMANA DEL 1 AL 5 FEBRERO:39: error parsing date 25/11/41: parsing time "25/11/41" as "2/1/2006": cannot parse "41" as "2006"
SEMANA DEL 1 AL 5 FEBRERO:40: error parsing date 25/11/41: parsing time "25/11/41" as "2/1/2006": cannot parse "41" as "2006"
SEMANA DEL 1 AL 5 FEBRERO:41: error parsing date 25/11/41: parsing time "25/11/41" as "2/1/2006": cannot parse "41" as "2006"
SEMANA DEL 1 AL 5 FEBRERO:42: error parsing date 25/11/41: parsing time "25/11/41" as "2/1/2006": cannot parse "41" as "2006"
SEMANA DEL 1 AL 5 FEBRERO:43: error parsing date 25/11/41: parsing time "25/11/41" as "2/1/2006": cannot parse "41" as "2006"
SEMANA DEL 1 AL 5 FEBRERO:44: error parsing date 25/11/41: parsing time "25/11/41" as "2/1/2006": cannot parse "41" as "2006"
SEMANA DEL 1 AL 5 FEBRERO:45: error parsing date : parsing time "" as "2/1/2006": cannot parse "" as "2"
SEMANA DEL 1 AL 5 FEBRERO:46: error parsing date 18/07/43: parsing time "18/07/43" as "2/1/2006": cannot parse "43" as "2006"
SEMANA DEL 1 AL 5 FEBRERO:47: error parsing date 28/02/51: parsing time "28/02/51" as "2/1/2006": cannot parse "51" as "2006"
SEMANA DEL 1 AL 5 FEBRERO:48: error parsing date 28/02/51: parsing time "28/02/51" as "2/1/2006": cannot parse "51" as "2006"
SEMANA DEL 1 AL 5 FEBRERO:50: error parsing date 18/04/57: parsing time "18/04/57" as "2/1/2006": cannot parse "57" as "2006"
SEMANA DEL 1 AL 5 FEBRERO:49: error parsing date 28/02/51: parsing time "28/02/51" as "2/1/2006": cannot parse "51" as "2006"
SEMANA DEL 1 AL 5 FEBRERO:51: division "CAPITAL SALUD" must be one of [NORTE SUR SUR OCCIDENTE CENTRO ORIENTE]
SEMANA DEL 1 AL 5 FEBRERO:53: division "CAPITAL SALUD" must be one of [NORTE SUR SUR OCCIDENTE CENTRO ORIENTE]
SEMANA DEL 1 AL 5 FEBRERO:52: division "CAPITAL SALUD" must be one of [NORTE SUR SUR OCCIDENTE CENTRO ORIENTE]
SEMANA DEL 1 AL 5 FEBRERO:54: division "CAPITAL SALUD" must be one of [NORTE SUR SUR OCCIDENTE CENTRO ORIENTE]
SEMANA DEL 1 AL 5 FEBRERO:56: division "CAPITAL SALUD" must be one of [NORTE SUR SUR OCCIDENTE CENTRO ORIENTE]
SEMANA DEL 1 AL 5 FEBRERO:57: division "CAPITAL SALUD" must be one of [NORTE SUR SUR OCCIDENTE CENTRO ORIENTE]
SEMANA DEL 1 AL 5 FEBRERO:58: division "CAPITAL SALUD" must be one of [NORTE SUR SUR OCCIDENTE CENTRO ORIENTE]
SEMANA DEL 1 AL 5 FEBRERO:59: division "CAPITAL SALUD" must be one of [NORTE SUR SUR OCCIDENTE CENTRO ORIENTE]
SEMANA DEL 1 AL 5 FEBRERO:60: division "CAPITAL SALUD" must be one of [NORTE SUR SUR OCCIDENTE CENTRO ORIENTE]
SEMANA DEL 1 AL 5 FEBRERO:61: division "CAPITAL SALUD" must be one of [NORTE SUR SUR OCCIDENTE CENTRO ORIENTE]
SEMANA DEL 1 AL 5 FEBRERO:63: division "CAPITAL SALUD" must be one of [NORTE SUR SUR OCCIDENTE CENTRO ORIENTE]
SEMANA DEL 1 AL 5 FEBRERO:64: division "CAPITAL SALUD" must be one of [NORTE SUR SUR OCCIDENTE CENTRO ORIENTE]
SEMANA DEL 1 AL 5 FEBRERO:62: division "CAPITAL SALUD" must be one of [NORTE SUR SUR OCCIDENTE CENTRO ORIENTE]
SEMANA DEL 1 AL 5 FEBRERO:65: division "CAPITAL SALUD" must be one of [NORTE SUR SUR OCCIDENTE CENTRO ORIENTE]
SEMANA DEL 1 AL 5 FEBRERO:66: division "CAPITAL SALUD" must be one of [NORTE SUR SUR OCCIDENTE CENTRO ORIENTE]
SEMANA DEL 1 AL 5 FEBRERO:55: division "CAPITAL SALUD" must be one of [NORTE SUR SUR OCCIDENTE CENTRO ORIENTE]
SEMANA DEL 1 AL 5 FEBRERO:67: division "CAPITAL SALUD" must be one of [NORTE SUR SUR OCCIDENTE CENTRO ORIENTE]
SEMANA DEL 1 AL 5 FEBRERO:68: division "CAPITAL SALUD" must be one of [NORTE SUR SUR OCCIDENTE CENTRO ORIENTE]
SEMANA DEL 1 AL 5 FEBRERO:69: division "CAPITAL SALUD" must be one of [NORTE SUR SUR OCCIDENTE CENTRO ORIENTE]
SEMANA DEL 1 AL 5 FEBRERO:70: division "CAPITAL SALUD" must be one of [NORTE SUR SUR OCCIDENTE CENTRO ORIENTE]
SEMANA DEL 1 AL 5 FEBRERO:71: division "CAPITAL SALUD" must be one of [NORTE SUR SUR OCCIDENTE CENTRO ORIENTE]
SEMANA DEL 1 AL 5 FEBRERO:72: division "CAPITAL SALUD" must be one of [NORTE SUR SUR OCCIDENTE CENTRO ORIENTE]
SEMANA DEL 1 AL 5 FEBRERO:74: division "CAPITAL SALUD" must be one of [NORTE SUR SUR OCCIDENTE CENTRO ORIENTE]
SEMANA DEL 1 AL 5 FEBRERO:73: division "CAPITAL SALUD" must be one of [NORTE SUR SUR OCCIDENTE CENTRO ORIENTE]
SEMANA DEL 1 AL 5 FEBRERO:75: division "CAPITAL SALUD" must be one of [NORTE SUR SUR OCCIDENTE CENTRO ORIENTE]
SEMANA DEL 1 AL 5 FEBRERO:76: division "CAPITAL SALUD" must be one of [NORTE SUR SUR OCCIDENTE CENTRO ORIENTE]
SEMANA DEL 1 AL 5 FEBRERO:77: division "CAPITAL SALUD" must be one of [NORTE SUR SUR OCCIDENTE CENTRO ORIENTE]
SEMANA DEL 1 AL 5 FEBRERO:78: division "CAPITAL SALUD" must be one of [NORTE SUR SUR OCCIDENTE CENTRO ORIENTE]
SEMANA DEL 1 AL 5 FEBRERO:80: division "CAPITAL SALUD" must be one of [NORTE SUR SUR OCCIDENTE CENTRO ORIENTE]
SEMANA DEL 1 AL 5 FEBRERO:79: division "CAPITAL SALUD" must be one of [NORTE SUR SUR OCCIDENTE CENTRO ORIENTE]
SEMANA DEL 1 AL 5 FEBRERO:81: division "CAPITAL SALUD" must be one of [NORTE SUR SUR OCCIDENTE CENTRO ORIENTE]
SEMANA DEL 1 AL 5 FEBRERO:82: division "CAPITAL SALUD" must be one of [NORTE SUR SUR OCCIDENTE CENTRO ORIENTE]
SEMANA DEL 1 AL 5 FEBRERO:83: division "CAPITAL SALUD" must be one of [NORTE SUR SUR OCCIDENTE CENTRO ORIENTE]
SEMANA DEL 1 AL 5 FEBRERO:84: division "CAPITAL SALUD" must be one of [NORTE SUR SUR OCCIDENTE CENTRO ORIENTE]
SEMANA DEL 1 AL 5 FEBRERO:85: error parsing date 18/07/43: parsing time "18/07/43" as "2/1/2006": cannot parse "43" as "2006"
SEMANA DEL 1 AL 5 FEBRERO:86: error parsing date 18/07/43: parsing time "18/07/43" as "2/1/2006": cannot parse "43" as "2006"
SEMANA DEL 1 AL 5 FEBRERO:87: error parsing date 18/07/43: parsing time "18/07/43" as "2/1/2006": cannot parse "43" as "2006"
SEMANA DEL 1 AL 5 FEBRERO:88: division "CAPITAL SALUD" must be one of [NORTE SUR SUR OCCIDENTE CENTRO ORIENTE]
SEMANA DEL 1 AL 5 FEBRERO:89: division "CAPITAL SALUD" must be one of [NORTE SUR SUR OCCIDENTE CENTRO ORIENTE]
SEMANA DEL 1 AL 5 FEBRERO:91: division "CAPITAL SALUD" must be one of [NORTE SUR SUR OCCIDENTE CENTRO ORIENTE]
SEMANA DEL 1 AL 5 FEBRERO:92: division "CAPITAL SALUD" must be one of [NORTE SUR SUR OCCIDENTE CENTRO ORIENTE]
SEMANA DEL 1 AL 5 FEBRERO:90: division "CAPITAL SALUD" must be one of [NORTE SUR SUR OCCIDENTE CENTRO ORIENTE]
SEMANA DEL 1 AL 5 FEBRERO:93: division "CAPITAL SALUD" must be one of [NORTE SUR SUR OCCIDENTE CENTRO ORIENTE]
SEMANA DEL 1 AL 5 FEBRERO:94: division "CAPITAL SALUD" must be one of [NORTE SUR SUR OCCIDENTE CENTRO ORIENTE]
SEMANA DEL 1 AL 5 FEBRERO:95: division "CAPITAL SALUD" must be one of [NORTE SUR SUR OCCIDENTE CENTRO ORIENTE]
SEMANA DEL 1 AL 5 FEBRERO:97: division "CAPITAL SALUD" must be one of [NORTE SUR SUR OCCIDENTE CENTRO ORIENTE]
SEMANA DEL 1 AL 5 FEBRERO:96: division "CAPITAL SALUD" must be one of [NORTE SUR SUR OCCIDENTE CENTRO ORIENTE]
SEMANA DEL 1 AL 5 FEBRERO:98: division "CAPITAL SALUD" must be one of [NORTE SUR SUR OCCIDENTE CENTRO ORIENTE]
SEMANA DEL 1 AL 5 FEBRERO:99: division "CAPITAL SALUD" must be one of [NORTE SUR SUR OCCIDENTE CENTRO ORIENTE]
SEMANA DEL 1 AL 5 FEBRERO:101: division "CAPITAL SALUD" must be one of [NORTE SUR SUR OCCIDENTE CENTRO ORIENTE]
SEMANA DEL 1 AL 5 FEBRERO:100: division "CAPITAL SALUD" must be one of [NORTE SUR SUR OCCIDENTE CENTRO ORIENTE]
SEMANA DEL 1 AL 5 FEBRERO:102: division "CAPITAL SALUD" must be one of [NORTE SUR SUR OCCIDENTE CENTRO ORIENTE]
SEMANA DEL 1 AL 5 FEBRERO:103: division "CAPITAL SALUD" must be one of [NORTE SUR SUR OCCIDENTE CENTRO ORIENTE]
SEMANA DEL 1 AL 5 FEBRERO:105: division "CAPITAL SALUD" must be one of [NORTE SUR SUR OCCIDENTE CENTRO ORIENTE]
SEMANA DEL 1 AL 5 FEBRERO:104: division "CAPITAL SALUD" must be one of [NORTE SUR SUR OCCIDENTE CENTRO ORIENTE]
SEMANA DEL 1 AL 5 FEBRERO:106: division "CAPITAL SALUD" must be one of [NORTE SUR SUR OCCIDENTE CENTRO ORIENTE]
SEMANA DEL 1 AL 5 FEBRERO:107: division "CAPITAL SALUD" must be one of [NORTE SUR SUR OCCIDENTE CENTRO ORIENTE]
SEMANA DEL 1 AL 5 FEBRERO:109: division "CAPITAL SALUD" must be one of [NORTE SUR SUR OCCIDENTE CENTRO ORIENTE]
SEMANA DEL 1 AL 5 FEBRERO:108: division "CAPITAL SALUD" must be one of [NORTE SUR SUR OCCIDENTE CENTRO ORIENTE]
SEMANA DEL 1 AL 5 FEBRERO:110: division "CAPITAL SALUD" must be one of [NORTE SUR SUR OCCIDENTE CENTRO ORIENTE]
SEMANA DEL 1 AL 5 FEBRERO:111: division "CAPITAL SALUD" must be one of [NORTE SUR SUR OCCIDENTE CENTRO ORIENTE]
SEMANA DEL 1 AL 5 FEBRERO:112: division "CAPITAL SALUD" must be one of [NORTE SUR SUR OCCIDENTE CENTRO ORIENTE]
SEMANA DEL 1 AL 5 FEBRERO:113: division "CAPITAL SALUD" must be one of [NORTE SUR SUR OCCIDENTE CENTRO ORIENTE]
SEMANA DEL 1 AL 5 FEBRERO:114: division "CAPITAL SALUD" must be one of [NORTE SUR SUR OCCIDENTE CENTRO ORIENTE]
SEMANA DEL 1 AL 5 FEBRERO:116: division "CAPITAL SALUD" must be one of [NORTE SUR SUR OCCIDENTE CENTRO ORIENTE]
SEMANA DEL 1 AL 5 FEBRERO:115: division "CAPITAL SALUD" must be one of [NORTE SUR SUR OCCIDENTE CENTRO ORIENTE]
SEMANA DEL 1 AL 5 FEBRERO:117: division "CAPITAL SALUD" must be one of [NORTE SUR SUR OCCIDENTE CENTRO ORIENTE]
SEMANA DEL 1 AL 5 FEBRERO:118: division "CAPITAL SALUD" must be one of [NORTE SUR SUR OCCIDENTE CENTRO ORIENTE]
SEMANA DEL 1 AL 5 FEBRERO:119: division "CAPITAL SALUD" must be one of [NORTE SUR SUR OCCIDENTE CENTRO ORIENTE]
SEMANA DEL 1 AL 5 FEBRERO:122: division "CAPITAL SALUD" must be one of [NORTE SUR SUR OCCIDENTE CENTRO ORIENTE]
SEMANA DEL 1 AL 5 FEBRERO:120: division "CAPITAL SALUD" must be one of [NORTE SUR SUR OCCIDENTE CENTRO ORIENTE]
SEMANA DEL 1 AL 5 FEBRERO:121: division "CAPITAL SALUD" must be one of [NORTE SUR SUR OCCIDENTE CENTRO ORIENTE]
SEMANA DEL 1 AL 5 FEBRERO:123: division "CAPITAL SALUD" must be one of [NORTE SUR SUR OCCIDENTE CENTRO ORIENTE]
SEMANA DEL 1 AL 5 FEBRERO:124: division "CAPITAL SALUD" must be one of [NORTE SUR SUR OCCIDENTE CENTRO ORIENTE]
SEMANA DEL 1 AL 5 FEBRERO:125: division "CAPITAL SALUD" must be one of [NORTE SUR SUR OCCIDENTE CENTRO ORIENTE]
SEMANA DEL 1 AL 5 FEBRERO:126: division "CAPITAL SALUD" must be one of [NORTE SUR SUR OCCIDENTE CENTRO ORIENTE]
SEMANA DEL 1 AL 5 FEBRERO:127: division "CAPITAL SALUD" must be one of [NORTE SUR SUR OCCIDENTE CENTRO ORIENTE]
SEMANA DEL 1 AL 5 FEBRERO:128: division "CAPITAL SALUD" must be one of [NORTE SUR SUR OCCIDENTE CENTRO ORIENTE]
SEMANA DEL 1 AL 5 FEBRERO:129: division "CAPITAL SALUD" must be one of [NORTE SUR SUR OCCIDENTE CENTRO ORIENTE]
SEMANA DEL 1 AL 5 FEBRERO:130: division "CAPITAL SALUD" must be one of [NORTE SUR SUR OCCIDENTE CENTRO ORIENTE]
SEMANA DEL 1 AL 5 FEBRERO:131: division "CAPITAL SALUD" must be one of [NORTE SUR SUR OCCIDENTE CENTRO ORIENTE]
SEMANA DEL 1 AL 5 FEBRERO:132: division "CAPITAL SALUD" must be one of [NORTE SUR SUR OCCIDENTE CENTRO ORIENTE]
SEMANA DEL 1 AL 5 FEBRERO:133: division "CAPITAL SALUD" must be one of [NORTE SUR SUR OCCIDENTE CENTRO ORIENTE]
SEMANA DEL 1 AL 5 FEBRERO:134: division "CAPITAL SALUD" must be one of [NORTE SUR SUR OCCIDENTE CENTRO ORIENTE]
SEMANA DEL 1 AL 5 FEBRERO:136: division "CAPITAL SALUD" must be one of [NORTE SUR SUR OCCIDENTE CENTRO ORIENTE]
SEMANA DEL 1 AL 5 FEBRERO:135: division "CAPITAL SALUD" must be one of [NORTE SUR SUR OCCIDENTE CENTRO ORIENTE]
SEMANA DEL 1 AL 5 FEBRERO:137: division "CAPITAL SALUD" must be one of [NORTE SUR SUR OCCIDENTE CENTRO ORIENTE]
SEMANA DEL 1 AL 5 FEBRERO:138: division "CAPITAL SALUD" must be one of [NORTE SUR SUR OCCIDENTE CENTRO ORIENTE]
SEMANA DEL 1 AL 5 FEBRERO:139: division "CAPITAL SALUD" must be one of [NORTE SUR SUR OCCIDENTE CENTRO ORIENTE]
SEMANA DEL 1 AL 5 FEBRERO:140: division "CAPITAL SALUD" must be one of [NORTE SUR SUR OCCIDENTE CENTRO ORIENTE]
SEMANA DEL 1 AL 5 FEBRERO:141: division "CAPITAL SALUD" must be one of [NORTE SUR SUR OCCIDENTE CENTRO ORIENTE]
SEMANA DEL 1 AL 5 FEBRERO:142: division "CAPITAL SALUD" must be one of [NORTE SUR SUR OCCIDENTE CENTRO ORIENTE]
SEMANA DEL 1 AL 5 FEBRERO:143: division "CAPITAL SALUD" must be one of [NORTE SUR SUR OCCIDENTE CENTRO ORIENTE]
SEMANA DEL 1 AL 5 FEBRERO:144: division "CAPITAL SALUD" must be one of [NORTE SUR SUR OCCIDENTE CENTRO ORIENTE]
SEMANA DEL 1 AL 5 FEBRERO:145: division "CAPITAL SALUD" must be one of [NORTE SUR SUR OCCIDENTE CENTRO ORIENTE]
SEMANA DEL 1 AL 5 FEBRERO:146: division "CAPITAL SALUD" must be one of [NORTE SUR SUR OCCIDENTE CENTRO ORIENTE]
SEMANA DEL 1 AL 5 FEBRERO:149: division "CAPITAL SALUD" must be one of [NORTE SUR SUR OCCIDENTE CENTRO ORIENTE]
SEMANA DEL 1 AL 5 FEBRERO:148: division "CAPITAL SALUD" must be one of [NORTE SUR SUR OCCIDENTE CENTRO ORIENTE]
SEMANA DEL 1 AL 5 FEBRERO:147: division "CAPITAL SALUD" must be one of [NORTE SUR SUR OCCIDENTE CENTRO ORIENTE]
SEMANA DEL 1 AL 5 FEBRERO:150: division "CAPITAL SALUD" must be one of [NORTE SUR SUR OCCIDENTE CENTRO ORIENTE]
SEMANA DEL 1 AL 5 FEBRERO:151: division "CAPITAL SALUD" must be one of [NORTE SUR SUR OCCIDENTE CENTRO ORIENTE]
SEMANA DEL 1 AL 5 FEBRERO:152: error parsing date 11/16/2022: parsing time "11/16/2022": month out of range
SEMANA DEL 1 AL 5 FEBRERO:153: division "CAPITAL SALUD" must be one of [NORTE SUR SUR OCCIDENTE CENTRO ORIENTE]
SEMANA DEL 1 AL 5 FEBRERO:154: division "CAPITAL SALUD" must be one of [NORTE SUR SUR OCCIDENTE CENTRO ORIENTE]
SEMANA DEL 1 AL 5 FEBRERO:156: division "CAPITAL SALUD" must be one of [NORTE SUR SUR OCCIDENTE CENTRO ORIENTE]
SEMANA DEL 1 AL 5 FEBRERO:155: division "CAPITAL SALUD" must be one of [NORTE SUR SUR OCCIDENTE CENTRO ORIENTE]
SEMANA DEL 1 AL 5 FEBRERO:157: division "CAPITAL SALUD" must be one of [NORTE SUR SUR OCCIDENTE CENTRO ORIENTE]
SEMANA DEL 1 AL 5 FEBRERO:159: division "CAPITAL SALUD" must be one of [NORTE SUR SUR OCCIDENTE CENTRO ORIENTE]
SEMANA DEL 1 AL 5 FEBRERO:158: division "CAPITAL SALUD" must be one of [NORTE SUR SUR OCCIDENTE CENTRO ORIENTE]
SEMANA DEL 1 AL 5 FEBRERO:160: division "CAPITAL SALUD" must be one of [NORTE SUR SUR OCCIDENTE CENTRO ORIENTE]
SEMANA DEL 1 AL 5 FEBRERO:161: division "CAPITAL SALUD" must be one of [NORTE SUR SUR OCCIDENTE CENTRO ORIENTE]
SEMANA DEL 1 AL 5 FEBRERO:162: division "CAPITAL SALUD" must be one of [NORTE SUR SUR OCCIDENTE CENTRO ORIENTE]
SEMANA DEL 1 AL 5 FEBRERO:163: division "CAPITAL SALUD" must be one of [NORTE SUR SUR OCCIDENTE CENTRO ORIENTE]
SEMANA DEL 1 AL 5 FEBRERO:164: division "CAPITAL SALUD" must be one of [NORTE SUR SUR OCCIDENTE CENTRO ORIENTE]
SEMANA DEL 1 AL 5 FEBRERO:165: division "CAPITAL SALUD" must be one of [NORTE SUR SUR OCCIDENTE CENTRO ORIENTE]
SEMANA DEL 1 AL 5 FEBRERO:166: division "CAPITAL SALUD" must be one of [NORTE SUR SUR OCCIDENTE CENTRO ORIENTE]
SEMANA DEL 1 AL 5 FEBRERO:168: division "CAPITAL SALUD" must be one of [NORTE SUR SUR OCCIDENTE CENTRO ORIENTE]
SEMANA DEL 1 AL 5 FEBRERO:167: division "CAPITAL SALUD" must be one of [NORTE SUR SUR OCCIDENTE CENTRO ORIENTE]
SEMANA DEL 1 AL 5 FEBRERO:170: division "CAPITAL SALUD" must be one of [NORTE SUR SUR OCCIDENTE CENTRO ORIENTE]
SEMANA DEL 1 AL 5 FEBRERO:169: division "CAPITAL SALUD" must be one of [NORTE SUR SUR OCCIDENTE CENTRO ORIENTE]
SEMANA DEL 1 AL 5 FEBRERO:172: division "CAPITAL SALUD" must be one of [NORTE SUR SUR OCCIDENTE CENTRO ORIENTE]
SEMANA DEL 1 AL 5 FEBRERO:173: division "CAPITAL SALUD" must be one of [NORTE SUR SUR OCCIDENTE CENTRO ORIENTE]
SEMANA DEL 1 AL 5 FEBRERO:171: division "CAPITAL SALUD" must be one of [NORTE SUR SUR OCCIDENTE CENTRO ORIENTE]
SEMANA DEL 1 AL 5 FEBRERO:174: division "CAPITAL SALUD" must be one of [NORTE SUR SUR OCCIDENTE CENTRO ORIENTE]
SEMANA DEL 1 AL 5 FEBRERO:175: division "CAPITAL SALUD" must be one of [NORTE SUR SUR OCCIDENTE CENTRO ORIENTE]
SEMANA DEL 1 AL 5 FEBRERO:176: division "CAPITAL SALUD" must be one of [NORTE SUR SUR OCCIDENTE CENTRO ORIENTE]
SEMANA DEL 1 AL 5 FEBRERO:177: division "CAPITAL SALUD" must be one of [NORTE SUR SUR OCCIDENTE CENTRO ORIENTE]
SEMANA DEL 1 AL 5 FEBRERO:178: division "CAPITAL SALUD" must be one of [NORTE SUR SUR OCCIDENTE CENTRO ORIENTE]
SEMANA DEL 1 AL 5 FEBRERO:180: division "CAPITAL SALUD" must be one of [NORTE SUR SUR OCCIDENTE CENTRO ORIENTE]
SEMANA DEL 1 AL 5 FEBRERO:179: division "CAPITAL SALUD" must be one of [NORTE SUR SUR OCCIDENTE CENTRO ORIENTE]
SEMANA DEL 1 AL 5 FEBRERO:181: division "CAPITAL SALUD" must be one of [NORTE SUR SUR OCCIDENTE CENTRO ORIENTE]
SEMANA DEL 1 AL 5 FEBRERO:183: division "CAPITAL SALUD" must be one of [NORTE SUR SUR OCCIDENTE CENTRO ORIENTE]
SEMANA DEL 1 AL 5 FEBRERO:184: division "CAPITAL SALUD" must be one of [NORTE SUR SUR OCCIDENTE CENTRO ORIENTE]
SEMANA DEL 1 AL 5 FEBRERO:182: division "CAPITAL SALUD" must be one of [NORTE SUR SUR OCCIDENTE CENTRO ORIENTE]
SEMANA DEL 1 AL 5 FEBRERO:185: division "CAPITAL SALUD" must be one of [NORTE SUR SUR OCCIDENTE CENTRO ORIENTE]
SEMANA DEL 1 AL 5 FEBRERO:186: division "CAPITAL SALUD" must be one of [NORTE SUR SUR OCCIDENTE CENTRO ORIENTE]
SEMANA DEL 1 AL 5 FEBRERO:187: division "CAPITAL SALUD" must be one of [NORTE SUR SUR OCCIDENTE CENTRO ORIENTE]
SEMANA DEL 1 AL 5 FEBRERO:188: division "CAPITAL SALUD" must be one of [NORTE SUR SUR OCCIDENTE CENTRO ORIENTE]
SEMANA DEL 1 AL 5 FEBRERO:189: division "CAPITAL SALUD" must be one of [NORTE SUR SUR OCCIDENTE CENTRO ORIENTE]
SEMANA DEL 1 AL 5 FEBRERO:190: division "CAPITAL SALUD" must be one of [NORTE SUR SUR OCCIDENTE CENTRO ORIENTE]
SEMANA DEL 1 AL 5 FEBRERO:191: division "CAPITAL SALUD" must be one of [NORTE SUR SUR OCCIDENTE CENTRO ORIENTE]
SEMANA DEL 1 AL 5 FEBRERO:192: division "CAPITAL SALUD" must be one of [NORTE SUR SUR OCCIDENTE CENTRO ORIENTE]
SEMANA DEL 1 AL 5 FEBRERO:193: division "CAPITAL SALUD" must be one of [NORTE SUR SUR OCCIDENTE CENTRO ORIENTE]
SEMANA DEL 1 AL 5 FEBRERO:194: division "CAPITAL SALUD" must be one of [NORTE SUR SUR OCCIDENTE CENTRO ORIENTE]
SEMANA DEL 1 AL 5 FEBRERO:196: division "CAPITAL SALUD" must be one of [NORTE SUR SUR OCCIDENTE CENTRO ORIENTE]
SEMANA DEL 1 AL 5 FEBRERO:197: division "CAPITAL SALUD" must be one of [NORTE SUR SUR OCCIDENTE CENTRO ORIENTE]
SEMANA DEL 1 AL 5 FEBRERO:195: division "CAPITAL SALUD" must be one of [NORTE SUR SUR OCCIDENTE CENTRO ORIENTE]
SEMANA DEL 1 AL 5 FEBRERO:198: division "CAPITAL SALUD" must be one of [NORTE SUR SUR OCCIDENTE CENTRO ORIENTE]
SEMANA DEL 1 AL 5 FEBRERO:199: division "CAPITAL SALUD" must be one of [NORTE SUR SUR OCCIDENTE CENTRO ORIENTE]
SEMANA DEL 1 AL 5 FEBRERO:200: division "CAPITAL SALUD" must be one of [NORTE SUR SUR OCCIDENTE CENTRO ORIENTE]
SEMANA DEL 1 AL 5 FEBRERO:201: division "CAPITAL SALUD" must be one of [NORTE SUR SUR OCCIDENTE CENTRO ORIENTE]
SEMANA DEL 1 AL 5 FEBRERO:202: division "CAPITAL SALUD" must be one of [NORTE SUR SUR OCCIDENTE CENTRO ORIENTE]
SEMANA DEL 1 AL 5 FEBRERO:203: division "CAPITAL SALUD" must be one of [NORTE SUR SUR OCCIDENTE CENTRO ORIENTE]
SEMANA DEL 1 AL 5 FEBRERO:204: division "CAPITAL SALUD" must be one of [NORTE SUR SUR OCCIDENTE CENTRO ORIENTE]
SEMANA DEL 1 AL 5 FEBRERO:205: division "CAPITAL SALUD" must be one of [NORTE SUR SUR OCCIDENTE CENTRO ORIENTE]
SEMANA DEL 1 AL 5 FEBRERO:207: division "CAPITAL SALUD" must be one of [NORTE SUR SUR OCCIDENTE CENTRO ORIENTE]
SEMANA DEL 1 AL 5 FEBRERO:206: division "CAPITAL SALUD" must be one of [NORTE SUR SUR OCCIDENTE CENTRO ORIENTE]
SEMANA DEL 1 AL 5 FEBRERO:209: division "CAPITAL SALUD" must be one of [NORTE SUR SUR OCCIDENTE CENTRO ORIENTE]
SEMANA DEL 1 AL 5 FEBRERO:208: division "CAPITAL SALUD" must be one of [NORTE SUR SUR OCCIDENTE CENTRO ORIENTE]
SEMANA DEL 1 AL 5 FEBRERO:210: division "CAPITAL SALUD" must be one of [NORTE SUR SUR OCCIDENTE CENTRO ORIENTE]
SEMANA DEL 1 AL 5 FEBRERO:211: invalid amount of columns
SEMANA DEL 1 AL 5 FEBRERO:213: division "CAPITAL SALUD" must be one of [NORTE SUR SUR OCCIDENTE CENTRO ORIENTE]
SEMANA DEL 1 AL 5 FEBRERO:212: error parsing date 14/11/22: parsing time "14/11/22" as "2/1/2006": cannot parse "22" as "2006"
SEMANA DEL 1 AL 5 FEBRERO:214: division "CAPITAL SALUD" must be one of [NORTE SUR SUR OCCIDENTE CENTRO ORIENTE]
SEMANA DEL 1 AL 5 FEBRERO:215: division "CAPITAL SALUD" must be one of [NORTE SUR SUR OCCIDENTE CENTRO ORIENTE]
SEMANA DEL 1 AL 5 FEBRERO:216: error parsing date : parsing time "" as "2/1/2006": cannot parse "" as "2"
SEMANA DEL 1 AL 5 FEBRERO:217: error parsing date : parsing time "" as "2/1/2006": cannot parse "" as "2"
SEMANA DEL 1 AL 5 FEBRERO:218: division "CAPITAL SALUD" must be one of [NORTE SUR SUR OCCIDENTE CENTRO ORIENTE]
SEMANA DEL 1 AL 5 FEBRERO:219: division "CAPITAL SALUD" must be one of [NORTE SUR SUR OCCIDENTE CENTRO ORIENTE]
SEMANA DEL 6 AL 13 FEBRERO:5: error parsing date 12-12-49: parsing time "12-12-49" as "2/1/2006": cannot parse "-12-49" as "/"
SEMANA DEL 6 AL 13 FEBRERO:11: error parsing date 08-30-41: parsing time "08-30-41" as "2/1/2006": cannot parse "-30-41" as "/"
SEMANA DEL 6 AL 13 FEBRERO:1: error parsing date 12-12-49: parsing time "12-12-49" as "2/1/2006": cannot parse "-12-49" as "/"
SEMANA DEL 6 AL 13 FEBRERO:7: error parsing date 12-12-49: parsing time "12-12-49" as "2/1/2006": cannot parse "-12-49" as "/"
SEMANA DEL 6 AL 13 FEBRERO:2: error parsing date 12-12-49: parsing time "12-12-49" as "2/1/2006": cannot parse "-12-49" as "/"
SEMANA DEL 6 AL 13 FEBRERO:3: error parsing date 12-12-49: parsing time "12-12-49" as "2/1/2006": cannot parse "-12-49" as "/"
SEMANA DEL 6 AL 13 FEBRERO:8: error parsing date 12-12-49: parsing time "12-12-49" as "2/1/2006": cannot parse "-12-49" as "/"
SEMANA DEL 6 AL 13 FEBRERO:4: error parsing date 12-12-49: parsing time "12-12-49" as "2/1/2006": cannot parse "-12-49" as "/"
SEMANA DEL 6 AL 13 FEBRERO:6: error parsing date 12-12-49: parsing time "12-12-49" as "2/1/2006": cannot parse "-12-49" as "/"
SEMANA DEL 6 AL 13 FEBRERO:9: error parsing date 12-12-49: parsing time "12-12-49" as "2/1/2006": cannot parse "-12-49" as "/"
SEMANA DEL 6 AL 13 FEBRERO:10: error parsing date 12-12-49: parsing time "12-12-49" as "2/1/2006": cannot parse "-12-49" as "/"
SEMANA DEL 6 AL 13 FEBRERO:12: error parsing date 08-30-41: parsing time "08-30-41" as "2/1/2006": cannot parse "-30-41" as "/"
SEMANA DEL 6 AL 13 FEBRERO:13: error parsing date 08-30-41: parsing time "08-30-41" as "2/1/2006": cannot parse "-30-41" as "/"
SEMANA DEL 6 AL 13 FEBRERO:14: error parsing date 08-30-41: parsing time "08-30-41" as "2/1/2006": cannot parse "-30-41" as "/"
SEMANA DEL 6 AL 13 FEBRERO:15: error parsing date 08-30-41: parsing time "08-30-41" as "2/1/2006": cannot parse "-30-41" as "/"
SEMANA DEL 6 AL 13 FEBRERO:16: error parsing date 07-20-98: parsing time "07-20-98" as "2/1/2006": cannot parse "-20-98" as "/"
SEMANA DEL 6 AL 13 FEBRERO:17: error parsing date 04-08-42: parsing time "04-08-42" as "2/1/2006": cannot parse "-08-42" as "/"
SEMANA DEL 6 AL 13 FEBRERO:18: error parsing date 04-08-42: parsing time "04-08-42" as "2/1/2006": cannot parse "-08-42" as "/"
SEMANA DEL 6 AL 13 FEBRERO:19: error parsing date 04-08-42: parsing time "04-08-42" as "2/1/2006": cannot parse "-08-42" as "/"
SEMANA DEL 6 AL 13 FEBRERO:20: error parsing date 04-08-42: parsing time "04-08-42" as "2/1/2006": cannot parse "-08-42" as "/"
SEMANA DEL 6 AL 13 FEBRERO:21: error parsing date 04-08-42: parsing time "04-08-42" as "2/1/2006": cannot parse "-08-42" as "/"
SEMANA DEL 6 AL 13 FEBRERO:22: error parsing date 11-11-99: parsing time "11-11-99" as "2/1/2006": cannot parse "-11-99" as "/"
SEMANA DEL 6 AL 13 FEBRERO:23: error parsing date 11-11-99: parsing time "11-11-99" as "2/1/2006": cannot parse "-11-99" as "/"
SEMANA DEL 6 AL 13 FEBRERO:24: error parsing date 11-11-99: parsing time "11-11-99" as "2/1/2006": cannot parse "-11-99" as "/"
SEMANA DEL 6 AL 13 FEBRERO:25: error parsing date 11-11-99: parsing time "11-11-99" as "2/1/2006": cannot parse "-11-99" as "/"
SEMANA DEL 6 AL 13 FEBRERO:26: error parsing date 06-18-15: parsing time "06-18-15" as "2/1/2006": cannot parse "-18-15" as "/"
SEMANA DEL 6 AL 13 FEBRERO:27: error parsing date 1/: parsing time "1/" as "2/1/2006": cannot parse "" as "1"
SEMANA DEL 6 AL 13 FEBRERO:28: error parsing date 10-21-25: parsing time "10-21-25" as "2/1/2006": cannot parse "-21-25" as "/"
SEMANA DEL 6 AL 13 FEBRERO:29: error parsing date 09-01-06: parsing time "09-01-06" as "2/1/2006": cannot parse "-01-06" as "/"
SEMANA DEL 6 AL 13 FEBRERO:30: error parsing date 02-27-49: parsing time "02-27-49" as "2/1/2006": cannot parse "-27-49" as "/"
SEMANA DEL 6 AL 13 FEBRERO:31: error parsing date 03-17-07: parsing time "03-17-07" as "2/1/2006": cannot parse "-17-07" as "/"
SEMANA DEL 6 AL 13 FEBRERO:32: error parsing date 04-18-11: parsing time "04-18-11" as "2/1/2006": cannot parse "-18-11" as "/"
SEMANA DEL 6 AL 13 FEBRERO:33: error parsing date 04-18-11: parsing time "04-18-11" as "2/1/2006": cannot parse "-18-11" as "/"
SEMANA DEL 6 AL 13 FEBRERO:34: error parsing date 04-18-11: parsing time "04-18-11" as "2/1/2006": cannot parse "-18-11" as "/"
SEMANA DEL 6 AL 13 FEBRERO:35: error parsing date 04-18-11: parsing time "04-18-11" as "2/1/2006": cannot parse "-18-11" as "/"
SEMANA DEL 6 AL 13 FEBRERO:36: error parsing date 04-18-11: parsing time "04-18-11" as "2/1/2006": cannot parse "-18-11" as "/"
SEMANA DEL 6 AL 13 FEBRERO:37: error parsing date 04-18-11: parsing time "04-18-11" as "2/1/2006": cannot parse "-18-11" as "/"
SEMANA DEL 6 AL 13 FEBRERO:38: error parsing date 04-18-11: parsing time "04-18-11" as "2/1/2006": cannot parse "-18-11" as "/"
SEMANA DEL 6 AL 13 FEBRERO:39: error parsing date 04-18-11: parsing time "04-18-11" as "2/1/2006": cannot parse "-18-11" as "/"
SEMANA DEL 6 AL 13 FEBRERO:40: error parsing date 04-18-11: parsing time "04-18-11" as "2/1/2006": cannot parse "-18-11" as "/"
SEMANA DEL 6 AL 13 FEBRERO:41: error parsing date 04-18-11: parsing time "04-18-11" as "2/1/2006": cannot parse "-18-11" as "/"
SEMANA DEL 6 AL 13 FEBRERO:42: error parsing date 04-18-11: parsing time "04-18-11" as "2/1/2006": cannot parse "-18-11" as "/"
SEMANA DEL 6 AL 13 FEBRERO:43: error parsing date 04-18-11: parsing time "04-18-11" as "2/1/2006": cannot parse "-18-11" as "/"
SEMANA DEL 6 AL 13 FEBRERO:44: error parsing date 04-18-11: parsing time "04-18-11" as "2/1/2006": cannot parse "-18-11" as "/"
SEMANA DEL 6 AL 13 FEBRERO:45: error parsing date 04-18-11: parsing time "04-18-11" as "2/1/2006": cannot parse "-18-11" as "/"
SEMANA DEL 6 AL 13 FEBRERO:46: error parsing date 04-18-11: parsing time "04-18-11" as "2/1/2006": cannot parse "-18-11" as "/"
SEMANA DEL 6 AL 13 FEBRERO:47: error parsing date 04-18-11: parsing time "04-18-11" as "2/1/2006": cannot parse "-18-11" as "/"
SEMANA DEL 6 AL 13 FEBRERO:48: error parsing date 04-18-11: parsing time "04-18-11" as "2/1/2006": cannot parse "-18-11" as "/"
SEMANA DEL 6 AL 13 FEBRERO:49: error parsing date 04-18-11: parsing time "04-18-11" as "2/1/2006": cannot parse "-18-11" as "/"
SEMANA DEL 6 AL 13 FEBRERO:50: error parsing date 04-18-11: parsing time "04-18-11" as "2/1/2006": cannot parse "-18-11" as "/"
SEMANA DEL 6 AL 13 FEBRERO:51: error parsing date 04-18-11: parsing time "04-18-11" as "2/1/2006": cannot parse "-18-11" as "/"
SEMANA DEL 6 AL 13 FEBRERO:52: error parsing date 04-18-11: parsing time "04-18-11" as "2/1/2006": cannot parse "-18-11" as "/"
SEMANA DEL 6 AL 13 FEBRERO:53: error parsing date 04-18-11: parsing time "04-18-11" as "2/1/2006": cannot parse "-18-11" as "/"
SEMANA DEL 6 AL 13 FEBRERO:55: error parsing date 04-18-11: parsing time "04-18-11" as "2/1/2006": cannot parse "-18-11" as "/"
SEMANA DEL 6 AL 13 FEBRERO:54: error parsing date 04-18-11: parsing time "04-18-11" as "2/1/2006": cannot parse "-18-11" as "/"
SEMANA DEL 6 AL 13 FEBRERO:56: error parsing date 04-18-11: parsing time "04-18-11" as "2/1/2006": cannot parse "-18-11" as "/"
SEMANA DEL 6 AL 13 FEBRERO:57: error parsing date 04-18-11: parsing time "04-18-11" as "2/1/2006": cannot parse "-18-11" as "/"
SEMANA DEL 6 AL 13 FEBRERO:59: error parsing date 04-18-11: parsing time "04-18-11" as "2/1/2006": cannot parse "-18-11" as "/"
SEMANA DEL 6 AL 13 FEBRERO:58: error parsing date 04-18-11: parsing time "04-18-11" as "2/1/2006": cannot parse "-18-11" as "/"
SEMANA DEL 6 AL 13 FEBRERO:60: error parsing date 04-18-11: parsing time "04-18-11" as "2/1/2006": cannot parse "-18-11" as "/"
SEMANA DEL 6 AL 13 FEBRERO:61: error parsing date 10-12-43: parsing time "10-12-43" as "2/1/2006": cannot parse "-12-43" as "/"
SEMANA DEL 6 AL 13 FEBRERO:62: error parsing date 03-09-73: parsing time "03-09-73" as "2/1/2006": cannot parse "-09-73" as "/"
SEMANA DEL 6 AL 13 FEBRERO:63: error parsing date 03-09-73: parsing time "03-09-73" as "2/1/2006": cannot parse "-09-73" as "/"
SEMANA DEL 6 AL 13 FEBRERO:64: error parsing date 03-09-73: parsing time "03-09-73" as "2/1/2006": cannot parse "-09-73" as "/"
SEMANA DEL 6 AL 13 FEBRERO:65: error parsing date 08-03-38: parsing time "08-03-38" as "2/1/2006": cannot parse "-03-38" as "/"
SEMANA DEL 6 AL 13 FEBRERO:66: error parsing date 08-04-38: parsing time "08-04-38" as "2/1/2006": cannot parse "-04-38" as "/"
SEMANA DEL 6 AL 13 FEBRERO:67: error parsing date 08-05-38: parsing time "08-05-38" as "2/1/2006": cannot parse "-05-38" as "/"
SEMANA DEL 6 AL 13 FEBRERO:68: error parsing date 08-06-38: parsing time "08-06-38" as "2/1/2006": cannot parse "-06-38" as "/"
SEMANA DEL 6 AL 13 FEBRERO:69: error parsing date 06-29-44: parsing time "06-29-44" as "2/1/2006": cannot parse "-29-44" as "/"
SEMANA DEL 6 AL 13 FEBRERO:70: error parsing date 06-29-44: parsing time "06-29-44" as "2/1/2006": cannot parse "-29-44" as "/"
SEMANA DEL 6 AL 13 FEBRERO:71: error parsing date 06-29-44: parsing time "06-29-44" as "2/1/2006": cannot parse "-29-44" as "/"
SEMANA DEL 6 AL 13 FEBRERO:72: error parsing date 06-29-44: parsing time "06-29-44" as "2/1/2006": cannot parse "-29-44" as "/"
SEMANA DEL 6 AL 13 FEBRERO:73: error parsing date 06-29-44: parsing time "06-29-44" as "2/1/2006": cannot parse "-29-44" as "/"
SEMANA DEL 6 AL 13 FEBRERO:75: error parsing date 06-29-44: parsing time "06-29-44" as "2/1/2006": cannot parse "-29-44" as "/"
SEMANA DEL 6 AL 13 FEBRERO:74: error parsing date 06-29-44: parsing time "06-29-44" as "2/1/2006": cannot parse "-29-44" as "/"
SEMANA DEL 6 AL 13 FEBRERO:76: error parsing date 06-29-44: parsing time "06-29-44" as "2/1/2006": cannot parse "-29-44" as "/"
SEMANA DEL 6 AL 13 FEBRERO:77: error parsing date 06-29-44: parsing time "06-29-44" as "2/1/2006": cannot parse "-29-44" as "/"
SEMANA DEL 6 AL 13 FEBRERO:78: error parsing date 11-25-35: parsing time "11-25-35" as "2/1/2006": cannot parse "-25-35" as "/"
SEMANA DEL 6 AL 13 FEBRERO:79: error parsing date 11-25-35: parsing time "11-25-35" as "2/1/2006": cannot parse "-25-35" as "/"
SEMANA DEL 6 AL 13 FEBRERO:80: error parsing date 11-25-35: parsing time "11-25-35" as "2/1/2006": cannot parse "-25-35" as "/"
SEMANA DEL 6 AL 13 FEBRERO:81: error parsing date 02-11-63: parsing time "02-11-63" as "2/1/2006": cannot parse "-11-63" as "/"
SEMANA DEL 6 AL 13 FEBRERO:83: error parsing date 09-21-39: parsing time "09-21-39" as "2/1/2006": cannot parse "-21-39" as "/"
SEMANA DEL 6 AL 13 FEBRERO:82: error parsing date 10-08-07: parsing time "10-08-07" as "2/1/2006": cannot parse "-08-07" as "/"
SEMANA DEL 6 AL 13 FEBRERO:84: error parsing date 09-21-39: parsing time "09-21-39" as "2/1/2006": cannot parse "-21-39" as "/"
SEMANA DEL 6 AL 13 FEBRERO:86: error parsing date 09-21-39: parsing time "09-21-39" as "2/1/2006": cannot parse "-21-39" as "/"
SEMANA DEL 6 AL 13 FEBRERO:85: error parsing date 09-21-39: parsing time "09-21-39" as "2/1/2006": cannot parse "-21-39" as "/"
SEMANA DEL 6 AL 13 FEBRERO:87: error parsing date 09-21-39: parsing time "09-21-39" as "2/1/2006": cannot parse "-21-39" as "/"
SEMANA DEL 6 AL 13 FEBRERO:88: error parsing date 09-21-39: parsing time "09-21-39" as "2/1/2006": cannot parse "-21-39" as "/"
SEMANA DEL 6 AL 13 FEBRERO:89: error parsing date 09-21-39: parsing time "09-21-39" as "2/1/2006": cannot parse "-21-39" as "/"
SEMANA DEL 6 AL 13 FEBRERO:90: error parsing date 09-21-39: parsing time "09-21-39" as "2/1/2006": cannot parse "-21-39" as "/"
SEMANA DEL 6 AL 13 FEBRERO:91: error parsing date 09-21-39: parsing time "09-21-39" as "2/1/2006": cannot parse "-21-39" as "/"
SEMANA DEL 6 AL 13 FEBRERO:92: error parsing date 09-21-39: parsing time "09-21-39" as "2/1/2006": cannot parse "-21-39" as "/"
SEMANA DEL 6 AL 13 FEBRERO:93: error parsing date 09-21-39: parsing time "09-21-39" as "2/1/2006": cannot parse "-21-39" as "/"
SEMANA DEL 6 AL 13 FEBRERO:95: error parsing date 07-19-39: parsing time "07-19-39" as "2/1/2006": cannot parse "-19-39" as "/"
SEMANA DEL 6 AL 13 FEBRERO:94: error parsing date 07-19-39: parsing time "07-19-39" as "2/1/2006": cannot parse "-19-39" as "/"
SEMANA DEL 6 AL 13 FEBRERO:96: error parsing date 07-19-39: parsing time "07-19-39" as "2/1/2006": cannot parse "-19-39" as "/"
SEMANA DEL 6 AL 13 FEBRERO:98: error parsing date 03-31-56: parsing time "03-31-56" as "2/1/2006": cannot parse "-31-56" as "/"
SEMANA DEL 6 AL 13 FEBRERO:97: error parsing date 03-31-56: parsing time "03-31-56" as "2/1/2006": cannot parse "-31-56" as "/"
SEMANA DEL 6 AL 13 FEBRERO:99: error parsing date 03-31-56: parsing time "03-31-56" as "2/1/2006": cannot parse "-31-56" as "/"
SEMANA DEL 6 AL 13 FEBRERO:100: error parsing date 03-31-56: parsing time "03-31-56" as "2/1/2006": cannot parse "-31-56" as "/"
SEMANA DEL 6 AL 13 FEBRERO:101: error parsing date 04-11-31: parsing time "04-11-31" as "2/1/2006": cannot parse "-11-31" as "/"
SEMANA DEL 6 AL 13 FEBRERO:102: error parsing date 06-25-04: parsing time "06-25-04" as "2/1/2006": cannot parse "-25-04" as "/"
SEMANA DEL 6 AL 13 FEBRERO:103: error parsing date 10-22-39: parsing time "10-22-39" as "2/1/2006": cannot parse "-22-39" as "/"
SEMANA DEL 6 AL 13 FEBRERO:104: error parsing date 10-22-39: parsing time "10-22-39" as "2/1/2006": cannot parse "-22-39" as "/"
SEMANA DEL 6 AL 13 FEBRERO:105: error parsing date 10-22-39: parsing time "10-22-39" as "2/1/2006": cannot parse "-22-39" as "/"
SEMANA DEL 6 AL 13 FEBRERO:106: error parsing date 10-22-39: parsing time "10-22-39" as "2/1/2006": cannot parse "-22-39" as "/"
SEMANA DEL 6 AL 13 FEBRERO:107: error parsing date 10-22-39: parsing time "10-22-39" as "2/1/2006": cannot parse "-22-39" as "/"
SEMANA DEL 6 AL 13 FEBRERO:108: error parsing date 10-22-39: parsing time "10-22-39" as "2/1/2006": cannot parse "-22-39" as "/"
SEMANA DEL 6 AL 13 FEBRERO:109: error parsing date 10-22-39: parsing time "10-22-39" as "2/1/2006": cannot parse "-22-39" as "/"
SEMANA DEL 6 AL 13 FEBRERO:111: error parsing date 10-22-39: parsing time "10-22-39" as "2/1/2006": cannot parse "-22-39" as "/"
SEMANA DEL 6 AL 13 FEBRERO:110: error parsing date 10-22-39: parsing time "10-22-39" as "2/1/2006": cannot parse "-22-39" as "/"
SEMANA DEL 6 AL 13 FEBRERO:112: error parsing date 10-22-39: parsing time "10-22-39" as "2/1/2006": cannot parse "-22-39" as "/"
SEMANA DEL 6 AL 13 FEBRERO:113: error parsing date 12-27-98: parsing time "12-27-98" as "2/1/2006": cannot parse "-27-98" as "/"
SEMANA DEL 6 AL 13 FEBRERO:114: error parsing date 12-27-98: parsing time "12-27-98" as "2/1/2006": cannot parse "-27-98" as "/"
SEMANA DEL 6 AL 13 FEBRERO:115: error parsing date 10-23-73: parsing time "10-23-73" as "2/1/2006": cannot parse "-23-73" as "/"
SEMANA DEL 6 AL 13 FEBRERO:116: error parsing date 01-13-76: parsing time "01-13-76" as "2/1/2006": cannot parse "-13-76" as "/"
SEMANA DEL 6 AL 13 FEBRERO:117: error parsing date 11-20-34: parsing time "11-20-34" as "2/1/2006": cannot parse "-20-34" as "/"
SEMANA DEL 6 AL 13 FEBRERO:118: error parsing date 11-20-34: parsing time "11-20-34" as "2/1/2006": cannot parse "-20-34" as "/"
SEMANA DEL 6 AL 13 FEBRERO:119: error parsing date 11-20-34: parsing time "11-20-34" as "2/1/2006": cannot parse "-20-34" as "/"
SEMANA DEL 6 AL 13 FEBRERO:120: error parsing date 11-20-34: parsing time "11-20-34" as "2/1/2006": cannot parse "-20-34" as "/"
SEMANA DEL 6 AL 13 FEBRERO:121: error parsing date 11-20-34: parsing time "11-20-34" as "2/1/2006": cannot parse "-20-34" as "/"
SEMANA DEL 6 AL 13 FEBRERO:122: error parsing date 11-20-34: parsing time "11-20-34" as "2/1/2006": cannot parse "-20-34" as "/"
SEMANA DEL 6 AL 13 FEBRERO:123: error parsing date 09-01-46: parsing time "09-01-46" as "2/1/2006": cannot parse "-01-46" as "/"
SEMANA DEL 6 AL 13 FEBRERO:124: error parsing date 09-01-46: parsing time "09-01-46" as "2/1/2006": cannot parse "-01-46" as "/"
SEMANA DEL 6 AL 13 FEBRERO:125: error parsing date 09-01-46: parsing time "09-01-46" as "2/1/2006": cannot parse "-01-46" as "/"
SEMANA DEL 6 AL 13 FEBRERO:126: error parsing date 09-01-46: parsing time "09-01-46" as "2/1/2006": cannot parse "-01-46" as "/"
SEMANA DEL 6 AL 13 FEBRERO:127: error parsing date 01-18-57: parsing time "01-18-57" as "2/1/2006": cannot parse "-18-57" as "/"
SEMANA DEL 6 AL 13 FEBRERO:129: error parsing date 01-18-57: parsing time "01-18-57" as "2/1/2006": cannot parse "-18-57" as "/"
SEMANA DEL 6 AL 13 FEBRERO:130: error parsing date 01-18-57: parsing time "01-18-57" as "2/1/2006": cannot parse "-18-57" as "/"
SEMANA DEL 6 AL 13 FEBRERO:131: error parsing date 01-18-57: parsing time "01-18-57" as "2/1/2006": cannot parse "-18-57" as "/"
SEMANA DEL 6 AL 13 FEBRERO:128: error parsing date 01-18-57: parsing time "01-18-57" as "2/1/2006": cannot parse "-18-57" as "/"
SEMANA DEL 6 AL 13 FEBRERO:132: error parsing date 01-18-57: parsing time "01-18-57" as "2/1/2006": cannot parse "-18-57" as "/"
SEMANA DEL 6 AL 13 FEBRERO:133: error parsing date 01-18-57: parsing time "01-18-57" as "2/1/2006": cannot parse "-18-57" as "/"
SEMANA DEL 6 AL 13 FEBRERO:135: error parsing date 01-18-57: parsing time "01-18-57" as "2/1/2006": cannot parse "-18-57" as "/"
SEMANA DEL 6 AL 13 FEBRERO:134: error parsing date 01-18-57: parsing time "01-18-57" as "2/1/2006": cannot parse "-18-57" as "/"
SEMANA DEL 6 AL 13 FEBRERO:136: error parsing date 01-18-57: parsing time "01-18-57" as "2/1/2006": cannot parse "-18-57" as "/"
SEMANA DEL 6 AL 13 FEBRERO:137: error parsing date 01-18-57: parsing time "01-18-57" as "2/1/2006": cannot parse "-18-57" as "/"
SEMANA DEL 6 AL 13 FEBRERO:138: error parsing date 05-03-37: parsing time "05-03-37" as "2/1/2006": cannot parse "-03-37" as "/"
SEMANA DEL 6 AL 13 FEBRERO:139: error parsing date 05-03-37: parsing time "05-03-37" as "2/1/2006": cannot parse "-03-37" as "/"
SEMANA DEL 6 AL 13 FEBRERO:140: error parsing date 05-03-37: parsing time "05-03-37" as "2/1/2006": cannot parse "-03-37" as "/"
SEMANA DEL 6 AL 13 FEBRERO:141: error parsing date 05-03-37: parsing time "05-03-37" as "2/1/2006": cannot parse "-03-37" as "/"
SEMANA DEL 6 AL 13 FEBRERO:142: error parsing date 05-03-37: parsing time "05-03-37" as "2/1/2006": cannot parse "-03-37" as "/"
SEMANA DEL 6 AL 13 FEBRERO:143: error parsing date 08-23-69: parsing time "08-23-69" as "2/1/2006": cannot parse "-23-69" as "/"
SEMANA DEL 6 AL 13 FEBRERO:144: error parsing date 08-23-69: parsing time "08-23-69" as "2/1/2006": cannot parse "-23-69" as "/"
SEMANA DEL 6 AL 13 FEBRERO:145: error parsing date 08-23-69: parsing time "08-23-69" as "2/1/2006": cannot parse "-23-69" as "/"
SEMANA DEL 6 AL 13 FEBRERO:146: error parsing date 08-23-69: parsing time "08-23-69" as "2/1/2006": cannot parse "-23-69" as "/"
SEMANA DEL 6 AL 13 FEBRERO:147: error parsing date 08-23-69: parsing time "08-23-69" as "2/1/2006": cannot parse "-23-69" as "/"
SEMANA DEL 6 AL 13 FEBRERO:148: error parsing date 08-23-69: parsing time "08-23-69" as "2/1/2006": cannot parse "-23-69" as "/"
SEMANA DEL 6 AL 13 FEBRERO:149: error parsing date 08-23-69: parsing time "08-23-69" as "2/1/2006": cannot parse "-23-69" as "/"
SEMANA DEL 6 AL 13 FEBRERO:150: error parsing date 08-23-69: parsing time "08-23-69" as "2/1/2006": cannot parse "-23-69" as "/"
SEMANA DEL 6 AL 13 FEBRERO:151: error parsing date 08-23-69: parsing time "08-23-69" as "2/1/2006": cannot parse "-23-69" as "/"
SEMANA DEL 6 AL 13 FEBRERO:152: error parsing date 09-16-39: parsing time "09-16-39" as "2/1/2006": cannot parse "-16-39" as "/"
SEMANA DEL 6 AL 13 FEBRERO:153: error parsing date 09-16-39: parsing time "09-16-39" as "2/1/2006": cannot parse "-16-39" as "/"
SEMANA DEL 6 AL 13 FEBRERO:154: error parsing date 09-16-39: parsing time "09-16-39" as "2/1/2006": cannot parse "-16-39" as "/"
SEMANA DEL 6 AL 13 FEBRERO:155: error parsing date 09-16-39: parsing time "09-16-39" as "2/1/2006": cannot parse "-16-39" as "/"
SEMANA DEL 6 AL 13 FEBRERO:157: error parsing date 09-16-39: parsing time "09-16-39" as "2/1/2006": cannot parse "-16-39" as "/"
SEMANA DEL 6 AL 13 FEBRERO:156: error parsing date 09-16-39: parsing time "09-16-39" as "2/1/2006": cannot parse "-16-39" as "/"
SEMANA DEL 6 AL 13 FEBRERO:158: error parsing date 09-16-39: parsing time "09-16-39" as "2/1/2006": cannot parse "-16-39" as "/"
SEMANA DEL 6 AL 13 FEBRERO:159: error parsing date 09-16-39: parsing time "09-16-39" as "2/1/2006": cannot parse "-16-39" as "/"
SEMANA DEL 6 AL 13 FEBRERO:160: error parsing date 07-31-45: parsing time "07-31-45" as "2/1/2006": cannot parse "-31-45" as "/"
SEMANA DEL 6 AL 13 FEBRERO:161: error parsing date 07-31-45: parsing time "07-31-45" as "2/1/2006": cannot parse "-31-45" as "/"
SEMANA DEL 6 AL 13 FEBRERO:162: error parsing date 07-31-45: parsing time "07-31-45" as "2/1/2006": cannot parse "-31-45" as "/"
SEMANA DEL 6 AL 13 FEBRERO:163: error parsing date 07-31-45: parsing time "07-31-45" as "2/1/2006": cannot parse "-31-45" as "/"
SEMANA DEL 6 AL 13 FEBRERO:164: error parsing date 07-31-45: parsing time "07-31-45" as "2/1/2006": cannot parse "-31-45" as "/"
SEMANA DEL 6 AL 13 FEBRERO:165: error parsing date 05-05-28: parsing time "05-05-28" as "2/1/2006": cannot parse "-05-28" as "/"
SEMANA DEL 6 AL 13 FEBRERO:166: error parsing date 09-01-06: parsing time "09-01-06" as "2/1/2006": cannot parse "-01-06" as "/"
SEMANA DEL 6 AL 13 FEBRERO:167: error parsing date 09-01-06: parsing time "09-01-06" as "2/1/2006": cannot parse "-01-06" as "/"
SEMANA DEL 6 AL 13 FEBRERO:168: error parsing date 12-06-66: parsing time "12-06-66" as "2/1/2006": cannot parse "-06-66" as "/"
SEMANA DEL 6 AL 13 FEBRERO:169: error parsing date 12-06-66: parsing time "12-06-66" as "2/1/2006": cannot parse "-06-66" as "/"
SEMANA DEL 6 AL 13 FEBRERO:170: error parsing date 12-06-66: parsing time "12-06-66" as "2/1/2006": cannot parse "-06-66" as "/"
SEMANA DEL 6 AL 13 FEBRERO:171: error parsing date 12-06-66: parsing time "12-06-66" as "2/1/2006": cannot parse "-06-66" as "/"
SEMANA DEL 6 AL 13 FEBRERO:173: error parsing date 12-06-66: parsing time "12-06-66" as "2/1/2006": cannot parse "-06-66" as "/"
SEMANA DEL 6 AL 13 FEBRERO:172: error parsing date 12-06-66: parsing time "12-06-66" as "2/1/2006": cannot parse "-06-66" as "/"
SEMANA DEL 6 AL 13 FEBRERO:174: error parsing date 04-18-11: parsing time "04-18-11" as "2/1/2006": cannot parse "-18-11" as "/"
SEMANA DEL 6 AL 13 FEBRERO:176: error parsing date 10-22-39: parsing time "10-22-39" as "2/1/2006": cannot parse "-22-39" as "/"
SEMANA DEL 6 AL 13 FEBRERO:177: error parsing date 12-12-33: parsing time "12-12-33" as "2/1/2006": cannot parse "-12-33" as "/"
SEMANA DEL 6 AL 13 FEBRERO:175: error parsing date 04-18-11: parsing time "04-18-11" as "2/1/2006": cannot parse "-18-11" as "/"
SEMANA DEL 6 AL 13 FEBRERO:178: error parsing date 04-24-55: parsing time "04-24-55" as "2/1/2006": cannot parse "-24-55" as "/"
SEMANA DEL 6 AL 13 FEBRERO:179: error parsing date 04-24-55: parsing time "04-24-55" as "2/1/2006": cannot parse "-24-55" as "/"
SEMANA DEL 6 AL 13 FEBRERO:180: error parsing date 04-24-55: parsing time "04-24-55" as "2/1/2006": cannot parse "-24-55" as "/"
SEMANA DEL 6 AL 13 FEBRERO:181: error parsing date 04-24-55: parsing time "04-24-55" as "2/1/2006": cannot parse "-24-55" as "/"
SEMANA DEL 6 AL 13 FEBRERO:182: error parsing date 04-24-55: parsing time "04-24-55" as "2/1/2006": cannot parse "-24-55" as "/"
SEMANA DEL 6 AL 13 FEBRERO:183: error parsing date 04-24-55: parsing time "04-24-55" as "2/1/2006": cannot parse "-24-55" as "/"
SEMANA DEL 6 AL 13 FEBRERO:184: error parsing date 04-24-55: parsing time "04-24-55" as "2/1/2006": cannot parse "-24-55" as "/"
SEMANA DEL 6 AL 13 FEBRERO:185: error parsing date 04-24-55: parsing time "04-24-55" as "2/1/2006": cannot parse "-24-55" as "/"
SEMANA DEL 6 AL 13 FEBRERO:186: error parsing date 04-24-55: parsing time "04-24-55" as "2/1/2006": cannot parse "-24-55" as "/"
SEMANA DEL 6 AL 13 FEBRERO:187: error parsing date 04-24-55: parsing time "04-24-55" as "2/1/2006": cannot parse "-24-55" as "/"
SEMANA DEL 6 AL 13 FEBRERO:188: error parsing date 04-24-55: parsing time "04-24-55" as "2/1/2006": cannot parse "-24-55" as "/"
SEMANA DEL 6 AL 13 FEBRERO:189: error parsing date 07-20-98: parsing time "07-20-98" as "2/1/2006": cannot parse "-20-98" as "/"
SEMANA DEL 6 AL 13 FEBRERO:190: error parsing date 12-29-03: parsing time "12-29-03" as "2/1/2006": cannot parse "-29-03" as "/"
SEMANA DEL 6 AL 13 FEBRERO:191: error parsing date 12-29-03: parsing time "12-29-03" as "2/1/2006": cannot parse "-29-03" as "/"
SEMANA DEL 6 AL 13 FEBRERO:192: error parsing date 12-29-03: parsing time "12-29-03" as "2/1/2006": cannot parse "-29-03" as "/"
SEMANA DEL 6 AL 13 FEBRERO:193: error parsing date 07-21-21: parsing time "07-21-21" as "2/1/2006": cannot parse "-21-21" as "/"
SEMANA DEL 6 AL 13 FEBRERO:194: error parsing date 01-16-91: parsing time "01-16-91" as "2/1/2006": cannot parse "-16-91" as "/"
SEMANA DEL 6 AL 13 FEBRERO:195: error parsing date 02-27-06: parsing time "02-27-06" as "2/1/2006": cannot parse "-27-06" as "/"
SEMANA DEL 6 AL 13 FEBRERO:196: error parsing date 02-27-06: parsing time "02-27-06" as "2/1/2006": cannot parse "-27-06" as "/"
SEMANA DEL 6 AL 13 FEBRERO:198: error parsing date 08-03-49: parsing time "08-03-49" as "2/1/2006": cannot parse "-03-49" as "/"
SEMANA DEL 6 AL 13 FEBRERO:197: error parsing date 08-03-49: parsing time "08-03-49" as "2/1/2006": cannot parse "-03-49" as "/"
SEMANA DEL 6 AL 13 FEBRERO:199: error parsing date 08-03-49: parsing time "08-03-49" as "2/1/2006": cannot parse "-03-49" as "/"
SEMANA DEL 6 AL 13 FEBRERO:200: error parsing date 08-03-49: parsing time "08-03-49" as "2/1/2006": cannot parse "-03-49" as "/"
SEMANA DEL 6 AL 13 FEBRERO:201: error parsing date 08-03-49: parsing time "08-03-49" as "2/1/2006": cannot parse "-03-49" as "/"
SEMANA DEL 6 AL 13 FEBRERO:202: error parsing date 08-03-49: parsing time "08-03-49" as "2/1/2006": cannot parse "-03-49" as "/"
SEMANA DEL 6 AL 13 FEBRERO:203: error parsing date 08-03-49: parsing time "08-03-49" as "2/1/2006": cannot parse "-03-49" as "/"
SEMANA DEL 6 AL 13 FEBRERO:204: error parsing date 08-03-49: parsing time "08-03-49" as "2/1/2006": cannot parse "-03-49" as "/"
SEMANA DEL 6 AL 13 FEBRERO:205: error parsing date 08-03-49: parsing time "08-03-49" as "2/1/2006": cannot parse "-03-49" as "/"
SEMANA DEL 6 AL 13 FEBRERO:206: error parsing date 08-03-49: parsing time "08-03-49" as "2/1/2006": cannot parse "-03-49" as "/"
SEMANA DEL 6 AL 13 FEBRERO:207: error parsing date 08-03-49: parsing time "08-03-49" as "2/1/2006": cannot parse "-03-49" as "/"
SEMANA DEL 6 AL 13 FEBRERO:208: error parsing date 11-29-73: parsing time "11-29-73" as "2/1/2006": cannot parse "-29-73" as "/"
SEMANA DEL 6 AL 13 FEBRERO:209: error parsing date 12-30-50: parsing time "12-30-50" as "2/1/2006": cannot parse "-30-50" as "/"
SEMANA DEL 6 AL 13 FEBRERO:210: error parsing date 12-30-50: parsing time "12-30-50" as "2/1/2006": cannot parse "-30-50" as "/"
SEMANA DEL 6 AL 13 FEBRERO:211: error parsing date 12-30-50: parsing time "12-30-50" as "2/1/2006": cannot parse "-30-50" as "/"
SEMANA DEL 6 AL 13 FEBRERO:212: error parsing date 05-13-45: parsing time "05-13-45" as "2/1/2006": cannot parse "-13-45" as "/"
SEMANA DEL 6 AL 13 FEBRERO:213: error parsing date 05-13-45: parsing time "05-13-45" as "2/1/2006": cannot parse "-13-45" as "/"
SEMANA DEL 6 AL 13 FEBRERO:214: error parsing date 05-13-45: parsing time "05-13-45" as "2/1/2006": cannot parse "-13-45" as "/"
SEMANA DEL 6 AL 13 FEBRERO:215: error parsing date 05-13-45: parsing time "05-13-45" as "2/1/2006": cannot parse "-13-45" as "/"
SEMANA DEL 6 AL 13 FEBRERO:216: error parsing date 05-13-45: parsing time "05-13-45" as "2/1/2006": cannot parse "-13-45" as "/"
SEMANA DEL 6 AL 13 FEBRERO:217: error parsing date 05-13-45: parsing time "05-13-45" as "2/1/2006": cannot parse "-13-45" as "/"
Hoja2:1: invalid amount of columns
Hoja2:2: invalid amount of columns
Hoja2:3: invalid amount of columns
Hoja2:4: invalid amount of columns
Hoja2:5: invalid amount of columns
Hoja2:6: invalid amount of columns
Hoja2:8: invalid amount of columns
Hoja2:7: invalid amount of columns
Hoja2:9: invalid amount of columns
Hoja2:10: invalid amount of columns
Hoja2:11: invalid amount of columns
Hoja2:12: invalid amount of columns
Hoja2:13: invalid amount of columns
Hoja2:14: invalid amount of columns
Hoja2:15: invalid amount of columns
Hoja2:16: invalid amount of columns
Hoja2:17: invalid amount of columns
Hoja2:18: invalid amount of columns
Hoja2:19: invalid amount of columns
Hoja2:20: invalid amount of columns
Hoja2:21: invalid amount of columns
